// Jest Snapshot v1, https://goo.gl/fbAQLP

exports[`Cart component Should render correctly 1`] = `
{
  "asFragment": [Function],
  "baseElement": <body>
    <div>
      <div
        class="cart_layout"
        role="cart-item"
      >
        <div
          class="cart_layout_info"
        >
          <img
            alt="product-image"
            data-nimg="1"
            decoding="async"
            height="134"
            loading="eager"
            src="/_next/image?url=https%3A%2F%2Fraw.githubusercontent.com%2Fjamesmai0512%2Fimage-ecommerce%2Fmain%2Fimages%2FCartItem.png&w=256&q=75"
            srcset="/_next/image?url=https%3A%2F%2Fraw.githubusercontent.com%2Fjamesmai0512%2Fimage-ecommerce%2Fmain%2Fimages%2FCartItem.png&w=128&q=75 1x, /_next/image?url=https%3A%2F%2Fraw.githubusercontent.com%2Fjamesmai0512%2Fimage-ecommerce%2Fmain%2Fimages%2FCartItem.png&w=256&q=75 2x"
            style="color: transparent;"
            width="109"
          />
          <div
            class="cart_layout_info_product"
          >
            <h2
              class="cart_layout_info_product_title"
              data-testid="cart-title"
            >
              Graystone vase
            </h2>
            <p
              class="cart_layout_info_product_description"
            >
              A timeless ceramic vase with a tri color grey glaze.
            </p>
            <h3
              class="cart_layout_info_product_price"
              data-testid="cart-price"
            >
              £
              10.5
            </h3>
          </div>
        </div>
        <div
          class="cart_layout_info_quantity"
        >
          <div
            class="input_number_amount"
          >
            <button
              class="button_control_left"
              role="button-control-left"
            >
              -
            </button>
            <label
              for="cart-input-number"
            >
              <input
                class="input_number"
                id="cart-input-number"
                max="10"
                min="0"
                readonly=""
                role="cart-input-number"
                step="1"
                type="number"
                value="2"
              />
            </label>
            <button
              class="button_control_right"
              role="button-control-right"
            >
              +
            </button>
          </div>
        </div>
        <h3
          class="cart_layout_info_product_price_total"
        >
          £
          21
        </h3>
      </div>
    </div>
  </body>,
  "container": <div>
    <div
      class="cart_layout"
      role="cart-item"
    >
      <div
        class="cart_layout_info"
      >
        <img
          alt="product-image"
          data-nimg="1"
          decoding="async"
          height="134"
          loading="eager"
          src="/_next/image?url=https%3A%2F%2Fraw.githubusercontent.com%2Fjamesmai0512%2Fimage-ecommerce%2Fmain%2Fimages%2FCartItem.png&w=256&q=75"
          srcset="/_next/image?url=https%3A%2F%2Fraw.githubusercontent.com%2Fjamesmai0512%2Fimage-ecommerce%2Fmain%2Fimages%2FCartItem.png&w=128&q=75 1x, /_next/image?url=https%3A%2F%2Fraw.githubusercontent.com%2Fjamesmai0512%2Fimage-ecommerce%2Fmain%2Fimages%2FCartItem.png&w=256&q=75 2x"
          style="color: transparent;"
          width="109"
        />
        <div
          class="cart_layout_info_product"
        >
          <h2
            class="cart_layout_info_product_title"
            data-testid="cart-title"
          >
            Graystone vase
          </h2>
          <p
            class="cart_layout_info_product_description"
          >
            A timeless ceramic vase with a tri color grey glaze.
          </p>
          <h3
            class="cart_layout_info_product_price"
            data-testid="cart-price"
          >
            £
            10.5
          </h3>
        </div>
      </div>
      <div
        class="cart_layout_info_quantity"
      >
        <div
          class="input_number_amount"
        >
          <button
            class="button_control_left"
            role="button-control-left"
          >
            -
          </button>
          <label
            for="cart-input-number"
          >
            <input
              class="input_number"
              id="cart-input-number"
              max="10"
              min="0"
              readonly=""
              role="cart-input-number"
              step="1"
              type="number"
              value="2"
            />
          </label>
          <button
            class="button_control_right"
            role="button-control-right"
          >
            +
          </button>
        </div>
      </div>
      <h3
        class="cart_layout_info_product_price_total"
      >
        £
        21
      </h3>
    </div>
  </div>,
  "debug": [Function],
  "findAllByAltText": [Function],
  "findAllByDisplayValue": [Function],
  "findAllByLabelText": [Function],
  "findAllByPlaceholderText": [Function],
  "findAllByRole": [Function],
  "findAllByTestId": [Function],
  "findAllByText": [Function],
  "findAllByTitle": [Function],
  "findByAltText": [Function],
  "findByDisplayValue": [Function],
  "findByLabelText": [Function],
  "findByPlaceholderText": [Function],
  "findByRole": [Function],
  "findByTestId": [Function],
  "findByText": [Function],
  "findByTitle": [Function],
  "getAllByAltText": [Function],
  "getAllByDisplayValue": [Function],
  "getAllByLabelText": [Function],
  "getAllByPlaceholderText": [Function],
  "getAllByRole": [Function],
  "getAllByTestId": [Function],
  "getAllByText": [Function],
  "getAllByTitle": [Function],
  "getByAltText": [Function],
  "getByDisplayValue": [Function],
  "getByLabelText": [Function],
  "getByPlaceholderText": [Function],
  "getByRole": [Function],
  "getByTestId": [Function],
  "getByText": [Function],
  "getByTitle": [Function],
  "queryAllByAltText": [Function],
  "queryAllByDisplayValue": [Function],
  "queryAllByLabelText": [Function],
  "queryAllByPlaceholderText": [Function],
  "queryAllByRole": [Function],
  "queryAllByTestId": [Function],
  "queryAllByText": [Function],
  "queryAllByTitle": [Function],
  "queryByAltText": [Function],
  "queryByDisplayValue": [Function],
  "queryByLabelText": [Function],
  "queryByPlaceholderText": [Function],
  "queryByRole": [Function],
  "queryByTestId": [Function],
  "queryByText": [Function],
  "queryByTitle": [Function],
  "rerender": [Function],
  "unmount": [Function],
}
`;
